// Jest Snapshot v1, https://goo.gl/fbAQLP

exports[`GistList Component should render correctly 1`] = `
<div>
  <div
    class="gist"
  />
  <div
    class="gist"
  />
</div>
`;
